# AGENT_MAP — scan-generated DRAFT (sos map). status: coverage_unknown.
#
# SOUND half (auto): the surfaces + edit-paths below are REAL dirs/files in THIS repo, coarse-
#   grouped by directory pattern. This is NOT the tarot example (no "map nói dối").
# PARTIAL half (YOU): set load_bearing (true|false) + write blast for each — the scan can't
#   judge importance (product knowledge). Split coarse regions into semantic surfaces as you
#   refine (e.g. routes_handlers → auth / ratings / privacy).
#
# 3-verdict status: PATH_VALID (validate-map property) / COVERAGE_UNKNOWN (fresh scan, default) /
#   COVERAGE_REVIEWED (human-set only — map never self-asserts this).
# Validator: doctor validate-map --map docs/AGENT_MAP.yaml (every path must exist).
version: 1
status: coverage_unknown
generated_by: "sos map (scan)"

surfaces:
  routes_handlers:
    load_bearing: true                # NEEDS_JUDGMENT — confirm: true=architect reads deep, false=leaf. Default true = safe (over-read beats miss-blast).
    edit:
      - src/routes/api.py
    blast: "TODO: what breaks if this changes — describe blast radius (you)."
  models_schema:
    load_bearing: true                # NEEDS_JUDGMENT — confirm: true=architect reads deep, false=leaf. Default true = safe (over-read beats miss-blast).
    edit:
      - src/models/user.py
    blast: "TODO: what breaks if this changes — describe blast radius (you)."

never_default_read:
  - docs/CHANGELOG.md
  - docs/DISCOVERIES.md
  - docs/BACKLOG.md
  - docs/ticket/archive/**
