.claude
.claude/agents
.claude/agents/orchestrator.md
.claude/agents/worker.md
.claude/commands
.claude/commands/idea.md
.claude/settings.json
.claude/settings.local.json
.claude/skills
.claude/skills/idea
.claude/skills/idea/SKILL.md
.docs-gate.toml
.mcp.json
.sos-stack.toml
CHANGELOG.md
CLAUDE.md
docs
docs/AGENT_MAP.yaml
docs/ARCHITECTURE.md
docs/BACKLOG.md
docs/security
docs/security/INVARIANTS.md
docs/ticket
docs/ticket/done
hooks
hooks/pre-commit
hooks/pre-push
phieu
phieu/README.md
pyproject.toml
scripts
scripts/install-hooks.sh
src
templates
templates/BACKLOG_template.md
templates/INVARIANTS-template.md
templates/claude-settings.local.json
tests
