─────────────────────────────────────────
sos new — bootstrap '<TARGET>' (stack: python)
─────────────────────────────────────────
[1/4] Category A — freeze (copy from golden)
  ✓ agents(deref) + commands + settings.json + skills(5 living) + scripts + phieu + templates + hooks/pre-commit + .gitignore + .mcp.json(doctor)
[2/4] Category C — generate skeletons (+ # TODO)
  ✓ INVARIANTS.md + AGENT_MAP.yaml + BACKLOG.md + CLAUDE.md + ARCHITECTURE.md + CHANGELOG.md + stack manifest
[3/4] Category B — defaults
  ✓ .docs-gate.toml + .sos-stack.toml
[4/4] Validator
  ⏭ doctor not found — skip verify-setup (install: cargo install --path ~/doctor, or set DOCTOR_BIN=/path/to/doctor)
  Category C placeholders to fill (# TODO):
    - CLAUDE.md
    - docs/ARCHITECTURE.md
    - docs/security/INVARIANTS.md
[+] Git init + arm hooks
    ✓ core.hooksPath → hooks/ (tracked hooks now live: pre-commit pre-push )
  ✓ git repo (branch main) + pre-commit/pre-push hooks armed

✓ sos new done: <TARGET>
  Next: fill # TODO (AGENT_MAP surfaces, INV-LOCAL, CLAUDE.md context) → git add -A && git commit.
