sos sync — re-sync spine into '<TARGET>'  (take-newer unmodified, flag customized)
  provenance oracle: <SOS_KIT_DIR> git history

=== sos sync report ===
ADDED (absent -> copied): 3
    + scripts/added.sh
    + .claude/agents/demo.md
    + .claude/skills/demo/SKILL.md
UPDATED (take-newer, unmodified stale): 1
    ^ scripts/updated.sh
FLAGGED (repo-customized -> .sos-sync-incoming, merge by hand): 1
    ~ scripts/flagged.sh
ALREADY-CURRENT: 1
Identity files (CLAUDE.md/BACKLOG/.docs-gate.toml/INVARIANTS/AGENT_MAP) untouched by design.
