sos sync — re-sync spine into '<TARGET>'  (take-newer unmodified, flag customized)
  provenance oracle: <SOS_KIT_DIR> git history

=== sos sync report ===
ADDED (absent -> copied): 0
    (none)
UPDATED (take-newer, unmodified stale): 0
    (none)
FLAGGED (repo-customized -> .sos-sync-incoming, merge by hand): 0
    (none)
ALREADY-CURRENT: 58
Identity files (CLAUDE.md/BACKLOG/.docs-gate.toml/INVARIANTS/AGENT_MAP) untouched by design.
